// Jest Snapshot v1, https://goo.gl/fbAQLP

exports[`Testing Menu Component Should render Restaurant Menu Component 1`] = `
<View
  style={
    Array [
      Object {
        "alignItems": "center",
        "flexDirection": "column",
        "width": 750,
      },
    ]
  }
>
  <View
    style={
      Array [
        Object {
          "width": "100%",
        },
      ]
    }
  >
    <Image
      resizeMode="cover"
      source={1}
      style={
        Array [
          Object {
            "height": 350,
            "width": "100%",
          },
        ]
      }
    />
  </View>
  <View
    style={
      Array [
        Object {
          "flexDirection": "column",
          "justifyContent": "center",
          "marginTop": 30,
          "width": "100%",
        },
      ]
    }
  >
    <View
      style={
        Array [
          Object {
            "textAlign": "center",
          },
        ]
      }
    >
      <Text
        style={
          Array [
            Object {
              "fontSize": 24,
              "fontWeight": "bold",
              "textAlign": "center",
            },
          ]
        }
      >
        Crispy Chicken Burger
      </Text>
    </View>
    <View
      style={
        Array [
          Object {
            "textAlign": "center",
          },
        ]
      }
    >
      <Text
        style={
          Array [
            Object {
              "textAlign": "center",
            },
          ]
        }
      >
        Burger with crispy chicken, cheese and lettuce
      </Text>
    </View>
  </View>
  <View
    style={
      Array [
        Object {
          "bottom": 110,
          "flexDirection": "row",
          "height": 50,
          "justifyContent": "center",
          "position": "absolute",
          "width": "100%",
        },
      ]
    }
  >
    <View
      accessible={true}
      collapsable={false}
      focusable={true}
      onClick={[Function]}
      onResponderGrant={[Function]}
      onResponderMove={[Function]}
      onResponderRelease={[Function]}
      onResponderTerminate={[Function]}
      onResponderTerminationRequest={[Function]}
      onStartShouldSetResponder={[Function]}
      style={
        Object {
          "alignItems": "center",
          "backgroundColor": "#FFFFFF",
          "borderBottomLeftRadius": 25,
          "borderBottomRightRadius": 0,
          "borderTopLeftRadius": 25,
          "borderTopRightRadius": 0,
          "justifyContent": "center",
          "opacity": 1,
          "position": "relative",
          "right": 10,
          "width": 50,
        }
      }
    >
      <Text
        style={
          Array [
            Object {},
          ]
        }
      >
         - 
      </Text>
    </View>
    <View
      accessibilityState={
        Object {
          "disabled": true,
        }
      }
      accessible={true}
      collapsable={false}
      focusable={false}
      onClick={[Function]}
      onResponderGrant={[Function]}
      onResponderMove={[Function]}
      onResponderRelease={[Function]}
      onResponderTerminate={[Function]}
      onResponderTerminationRequest={[Function]}
      onStartShouldSetResponder={[Function]}
      style={
        Object {
          "alignItems": "center",
          "backgroundColor": "#FFFFFF",
          "borderBottomLeftRadius": 0,
          "borderBottomRightRadius": 0,
          "borderTopLeftRadius": 0,
          "borderTopRightRadius": 0,
          "justifyContent": "center",
          "opacity": 1,
          "position": "relative",
          "right": 10,
          "width": 50,
        }
      }
    >
      <Text
        style={
          Array [
            Object {},
          ]
        }
      >
         
        0
         
      </Text>
    </View>
    <View
      accessible={true}
      collapsable={false}
      focusable={true}
      onClick={[Function]}
      onResponderGrant={[Function]}
      onResponderMove={[Function]}
      onResponderRelease={[Function]}
      onResponderTerminate={[Function]}
      onResponderTerminationRequest={[Function]}
      onStartShouldSetResponder={[Function]}
      style={
        Object {
          "alignItems": "center",
          "backgroundColor": "#FFFFFF",
          "borderBottomLeftRadius": 0,
          "borderBottomRightRadius": 25,
          "borderTopLeftRadius": 0,
          "borderTopRightRadius": 25,
          "justifyContent": "center",
          "opacity": 1,
          "position": "relative",
          "right": 10,
          "width": 50,
        }
      }
    >
      <Text
        style={
          Array [
            Object {},
          ]
        }
      >
         + 
      </Text>
    </View>
  </View>
</View>
`;
