// Jest Snapshot v1, https://goo.gl/fbAQLP

exports[`Testing restaurant preview component Should render restaurant preview component 1`] = `
<View
  accessible={true}
  collapsable={false}
  focusable={true}
  onClick={[Function]}
  onResponderGrant={[Function]}
  onResponderMove={[Function]}
  onResponderRelease={[Function]}
  onResponderTerminate={[Function]}
  onResponderTerminationRequest={[Function]}
  onStartShouldSetResponder={[Function]}
  style={
    Object {
      "marginBottom": 5,
      "marginLeft": 0,
      "marginRight": 0,
      "marginTop": 5,
      "opacity": 1,
    }
  }
>
  <View
    style={
      Array [
        Object {
          "borderRadius": 30,
          "marginTop": 5,
          "position": "relative",
        },
      ]
    }
  >
    <Image
      source={1}
      style={
        Array [
          Object {
            "borderRadius": 30,
            "height": 200,
            "width": "100%",
          },
        ]
      }
    />
    <View
      style={
        Array [
          Object {
            "backgroundColor": "white",
            "borderBottomLeftRadius": 30,
            "borderTopRightRadius": 30,
            "bottom": 0,
            "paddingBottom": 10,
            "paddingLeft": 40,
            "paddingRight": 40,
            "paddingTop": 10,
            "position": "absolute",
          },
        ]
      }
    >
      <Text
        style={
          Array [
            Object {
              "fontSize": 12,
            },
          ]
        }
      >
         
        30 - 45 min
         min 
      </Text>
    </View>
  </View>
  <View
    style={
      Array [
        Object {
          "marginTop": 10,
        },
      ]
    }
  >
    <Text
      style={
        Array [
          Object {
            "fontSize": 24,
          },
        ]
      }
    >
      ByProgrammers Burger
    </Text>
    <View
      style={
        Array [
          Object {
            "flexDirection": "row",
            "marginTop": 5,
          },
        ]
      }
    >
      <View
        style={
          Array [
            Object {
              "flexDirection": "row",
              "marginRight": 5,
            },
          ]
        }
      >
        <Image
          source={1}
          style={
            Array [
              Object {
                "height": 15,
                "marginRight": 5,
                "position": "relative",
                "top": 2,
                "width": 15,
              },
            ]
          }
        />
        <Text
          style={
            Array [
              Object {
                "fontSize": 14,
              },
            ]
          }
        >
          4.8
        </Text>
      </View>
      <View
        style={
          Array [
            Object {
              "flexDirection": "row",
              "marginRight": 5,
            },
            Object {
              "marginLeft": 0,
            },
          ]
        }
      >
        <Text
          style={
            Array [
              Object {
                "fontSize": 14,
              },
            ]
          }
        >
          Crispy Chicken Burger
        </Text>
      </View>
      <View
        style={
          Array [
            Object {
              "flexDirection": "row",
              "marginRight": 5,
            },
            Object {
              "marginLeft": 0,
            },
          ]
        }
      >
        <Text
          style={
            Array [
              Object {
                "fontSize": 14,
              },
            ]
          }
        >
          Crispy Chicken Burger with Honey Mustard
        </Text>
      </View>
      <View
        style={
          Array [
            Object {
              "flexDirection": "row",
              "marginRight": 5,
            },
          ]
        }
      >
        <Text
          style={
            Array [
              Object {
                "fontSize": 14,
              },
            ]
          }
        >
          $200
        </Text>
      </View>
    </View>
  </View>
</View>
`;
